[mallicklab.stanford.edu/index.html]
[backblue.gif]
[fade.gif]
[index.html]
[mallicklab.stanford.edu/favicon.ico]
[mallicklab.stanford.edu/index7b17.html]
[mallicklab.stanford.edu/indexc0d0.html]
[mallicklab.stanford.edu/media/jui/js/jquery.min43ef.js]
[mallicklab.stanford.edu/media/jui/js/jquery-noconflict43ef.js]
[mallicklab.stanford.edu/media/jui/js/jquery-migrate.min43ef.js]
[mallicklab.stanford.edu/media/system/js/caption43ef.js]
[mallicklab.stanford.edu/media/system/js/mootools-core43ef.js]
[mallicklab.stanford.edu/media/system/js/core43ef.js]
[mallicklab.stanford.edu/media/system/js/mootools-more43ef.js]
[mallicklab.stanford.edu/media/system/js/modal43ef.js]
[mallicklab.stanford.edu/media/jui/js/bootstrap.min43ef.js]
[mallicklab.stanford.edu/templates/jm-exclusive-furniture/js/styleswitcher.js]
[mallicklab.stanford.edu/templates/jm-exclusive-furniture/js/scripts.js]
[mallicklab.stanford.edu/components/com_djmediatools/assets/js/powertools-1.2.0.js]
[mallicklab.stanford.edu/components/com_djmediatools/layouts/slideshow/js/slideshow.js]
[mallicklab.stanford.edu/components/com_djmediatools/layouts/tabber/js/tabber.js]
[mallicklab.stanford.edu/modules/mod_djmenu/assets/js/dropline-helper.js]
[mallicklab.stanford.edu/modules/mod_djmenu/assets/js/djselect.js]
[mallicklab.stanford.edu/modules/mod_djmenu/assets/js/djmenu.js]
[mallicklab.stanford.edu/images/favicon.ico]
[mallicklab.stanford.edu/images/modules/logo.png]
[mallicklab.stanford.edu/peeps.html]
[mallicklab.stanford.edu/research.html]
[mallicklab.stanford.edu/faq.html]
[mallicklab.stanford.edu/pubs.html]
[mallicklab.stanford.edu/resources.html]
[mallicklab.stanford.edu/images/modules/slider/prev.png]
[mallicklab.stanford.edu/funding.html]
[mallicklab.stanford.edu/images/modules/slider/next.png]
[mallicklab.stanford.edu/images/modules/slider/play.png]
[mallicklab.stanford.edu/images/modules/slider/pause.png]
[mallicklab.stanford.edu/media/djmediatools/cache/5-front/70x40-crop-80-meaningful_ai.png]
[mallicklab.stanford.edu/media/djmediatools/cache/images/figs/banners/70x40-crop-80-futzedpixels.png]
[mallicklab.stanford.edu/media/djmediatools/cache/images/figs/banners/70x40-crop-80-networkyness_compressed.jpg]
[mallicklab.stanford.edu/media/djmediatools/cache/images/figs/banners/70x40-crop-80-bloodsamples_compressed.jpg]
[mallicklab.stanford.edu/media/djmediatools/cache/images/figs/banners/70x40-crop-80-flippedandstuff_compressed.jpg]
[mallicklab.stanford.edu/media/djmediatools/cache/images/figs/70x40-crop-80-psuedo2d_gel.jpg]
[mallicklab.stanford.edu/media/djmediatools/cache/images/figs/banners/70x40-crop-80-proteowizard_psdeps_onpurple_compressed.jpg]
[mallicklab.stanford.edu/index-2.html]
[mallicklab.stanford.edu/templates/jm-exclusive-furniture/images/smaller.png]
[mallicklab.stanford.edu/templates/jm-exclusive-furniture/images/default.png]
[mallicklab.stanford.edu/templates/jm-exclusive-furniture/images/larger.png]
[mallicklab.stanford.edu/images/figs/Canary.png]
[mallicklab.stanford.edu/images/modules/home.png]
[mallicklab.stanford.edu/images/modules/email.png]
[mallicklab.stanford.edu/images/modules/direction.png]
[mallicklab.stanford.edu/index.html]
[mallicklab.stanford.edu/media/system/images/modal/closebox.png]
[mallicklab.stanford.edu/media/system/images/modal/spinner.gif]
[mallicklab.stanford.edu/media/system/images/modal/bg_n.png]
[mallicklab.stanford.edu/media/system/images/modal/bg_ne.png]
[mallicklab.stanford.edu/media/system/images/modal/bg_e.png]
[mallicklab.stanford.edu/media/system/images/modal/bg_se.png]
[mallicklab.stanford.edu/media/system/images/modal/bg_s.png]
[mallicklab.stanford.edu/media/system/images/modal/bg_sw.png]
[mallicklab.stanford.edu/media/system/images/modal/bg_w.png]
[mallicklab.stanford.edu/media/system/images/modal/bg_nw.png]
[mallicklab.stanford.edu/media/system/css/modal43ef.css]
[mallicklab.stanford.edu/templates/jm-exclusive-furniture/images/glyphicons-halflings.png]
[mallicklab.stanford.edu/templates/jm-exclusive-furniture/images/glyphicons-halflings-white.png]
[mallicklab.stanford.edu/templates/jm-exclusive-furniture/css/bootstrap.css]
[mallicklab.stanford.edu/templates/jm-exclusive-furniture/css/bootstrap_responsive.css]
[mallicklab.stanford.edu/templates/jm-exclusive-furniture/images/readmore2.png]
[mallicklab.stanford.edu/templates/jm-exclusive-furniture/images/dj-tab-indicator-left.png]
[mallicklab.stanford.edu/templates/jm-exclusive-furniture/images/prev.png]
[mallicklab.stanford.edu/templates/jm-exclusive-furniture/images/next.png]
[mallicklab.stanford.edu/templates/jm-exclusive-furniture/css/extensions.css]
[mallicklab.stanford.edu/templates/jm-exclusive-furniture/images/bg.png]
[mallicklab.stanford.edu/templates/jm-exclusive-furniture/images/top2-bg.png]
[mallicklab.stanford.edu/templates/jm-exclusive-furniture/images/backtotop.png]
[mallicklab.stanford.edu/templates/jm-exclusive-furniture/images/icons_white/badge.png]
[mallicklab.stanford.edu/templates/jm-exclusive-furniture/images/icons_white/calendar.png]
[mallicklab.stanford.edu/templates/jm-exclusive-furniture/images/icons_white/chat.png]
[mallicklab.stanford.edu/templates/jm-exclusive-furniture/images/icons_white/check.png]
[mallicklab.stanford.edu/templates/jm-exclusive-furniture/images/icons_white/cloud.png]
[mallicklab.stanford.edu/templates/jm-exclusive-furniture/images/icons_white/direction.png]
[mallicklab.stanford.edu/templates/jm-exclusive-furniture/images/icons_white/divide.png]
[mallicklab.stanford.edu/templates/jm-exclusive-furniture/images/icons_white/error.png]
[mallicklab.stanford.edu/templates/jm-exclusive-furniture/images/icons_white/fire.png]
[mallicklab.stanford.edu/templates/jm-exclusive-furniture/images/icons_white/flag.png]
[mallicklab.stanford.edu/templates/jm-exclusive-furniture/images/icons_white/heart.png]
[mallicklab.stanford.edu/templates/jm-exclusive-furniture/images/icons_white/home.png]
[mallicklab.stanford.edu/templates/jm-exclusive-furniture/images/icons_white/info.png]
[mallicklab.stanford.edu/templates/jm-exclusive-furniture/images/icons_white/list.png]
[mallicklab.stanford.edu/templates/jm-exclusive-furniture/images/icons_white/mail.png]
[mallicklab.stanford.edu/templates/jm-exclusive-furniture/images/icons_white/people.png]
[mallicklab.stanford.edu/templates/jm-exclusive-furniture/images/icons_white/star.png]
[mallicklab.stanford.edu/templates/jm-exclusive-furniture/images/icons_white/stat.png]
[mallicklab.stanford.edu/templates/jm-exclusive-furniture/images/facebook.png]
[mallicklab.stanford.edu/templates/jm-exclusive-furniture/images/twitter.png]
[mallicklab.stanford.edu/templates/jm-exclusive-furniture/images/google.png]
[mallicklab.stanford.edu/templates/jm-exclusive-furniture/images/quote-left.png]
[mallicklab.stanford.edu/templates/jm-exclusive-furniture/images/quote-right.png]
[mallicklab.stanford.edu/templates/jm-exclusive-furniture/images/ar-quote-cloud.png]
[mallicklab.stanford.edu/templates/jm-exclusive-furniture/images/quote-cloud.png]
[mallicklab.stanford.edu/templates/jm-exclusive-furniture/images/icons_dark/badge.png]
[mallicklab.stanford.edu/templates/jm-exclusive-furniture/images/icons_dark/calendar.png]
[mallicklab.stanford.edu/templates/jm-exclusive-furniture/images/icons_dark/chat.png]
[mallicklab.stanford.edu/templates/jm-exclusive-furniture/images/icons_dark/check.png]
[mallicklab.stanford.edu/templates/jm-exclusive-furniture/images/icons_dark/cloud.png]
[mallicklab.stanford.edu/templates/jm-exclusive-furniture/images/icons_dark/direction.png]
[mallicklab.stanford.edu/templates/jm-exclusive-furniture/images/icons_dark/divide.png]
[mallicklab.stanford.edu/templates/jm-exclusive-furniture/images/icons_dark/error.png]
[mallicklab.stanford.edu/templates/jm-exclusive-furniture/images/icons_dark/fire.png]
[mallicklab.stanford.edu/templates/jm-exclusive-furniture/images/icons_dark/flag.png]
[mallicklab.stanford.edu/templates/jm-exclusive-furniture/images/icons_dark/heart.png]
[mallicklab.stanford.edu/templates/jm-exclusive-furniture/images/icons_dark/home.png]
[mallicklab.stanford.edu/templates/jm-exclusive-furniture/images/icons_dark/info.png]
[mallicklab.stanford.edu/templates/jm-exclusive-furniture/images/icons_dark/list.png]
[mallicklab.stanford.edu/templates/jm-exclusive-furniture/images/icons_dark/mail.png]
[mallicklab.stanford.edu/templates/jm-exclusive-furniture/images/icons_dark/people.png]
[mallicklab.stanford.edu/templates/jm-exclusive-furniture/images/icons_dark/star.png]
[mallicklab.stanford.edu/templates/jm-exclusive-furniture/images/icons_dark/stat.png]
[mallicklab.stanford.edu/templates/jm-exclusive-furniture/images/li-dark.png]
[mallicklab.stanford.edu/templates/jm-exclusive-furniture/images/li-ar_dark.png]
[mallicklab.stanford.edu/templates/jm-exclusive-furniture/images/li-ar_light.png]
[mallicklab.stanford.edu/templates/jm-exclusive-furniture/images/li-white.png]
[mallicklab.stanford.edu/templates/jm-exclusive-furniture/css/template.css]
[mallicklab.stanford.edu/templates/jm-exclusive-furniture/css/template_responsive.css]
[mallicklab.stanford.edu/templates/jm-exclusive-furniture/images/style1/icons/badge.png]
[mallicklab.stanford.edu/templates/jm-exclusive-furniture/images/style1/icons/calendar.png]
[mallicklab.stanford.edu/templates/jm-exclusive-furniture/images/style1/icons/chat.png]
[mallicklab.stanford.edu/templates/jm-exclusive-furniture/images/style1/icons/check.png]
[mallicklab.stanford.edu/templates/jm-exclusive-furniture/images/style1/icons/cloud.png]
[mallicklab.stanford.edu/templates/jm-exclusive-furniture/images/style1/icons/direction.png]
[mallicklab.stanford.edu/templates/jm-exclusive-furniture/images/style1/icons/divide.png]
[mallicklab.stanford.edu/templates/jm-exclusive-furniture/images/style1/icons/error.png]
[mallicklab.stanford.edu/templates/jm-exclusive-furniture/images/style1/icons/fire.png]
[mallicklab.stanford.edu/templates/jm-exclusive-furniture/images/style1/icons/flag.png]
[mallicklab.stanford.edu/templates/jm-exclusive-furniture/images/style1/icons/heart.png]
[mallicklab.stanford.edu/templates/jm-exclusive-furniture/images/style1/icons/home.png]
[mallicklab.stanford.edu/templates/jm-exclusive-furniture/images/style1/icons/info.png]
[mallicklab.stanford.edu/templates/jm-exclusive-furniture/images/style1/icons/list.png]
[mallicklab.stanford.edu/templates/jm-exclusive-furniture/images/style1/icons/mail.png]
[mallicklab.stanford.edu/templates/jm-exclusive-furniture/images/style1/icons/people.png]
[mallicklab.stanford.edu/templates/jm-exclusive-furniture/images/style1/icons/star.png]
[mallicklab.stanford.edu/templates/jm-exclusive-furniture/images/style1/icons/stat.png]
[mallicklab.stanford.edu/templates/jm-exclusive-furniture/images/style1/readmore.png]
[mallicklab.stanford.edu/templates/jm-exclusive-furniture/images/style1/readmore-colorms.png]
[mallicklab.stanford.edu/templates/jm-exclusive-furniture/images/style1/li-ar_blackms.png]
[mallicklab.stanford.edu/templates/jm-exclusive-furniture/images/style1/li.png]
[mallicklab.stanford.edu/templates/jm-exclusive-furniture/images/style1/li-light.png]
[mallicklab.stanford.edu/templates/jm-exclusive-furniture/images/style1/hoverme.png]
[mallicklab.stanford.edu/templates/jm-exclusive-furniture/images/style1/featured.png]
[mallicklab.stanford.edu/templates/jm-exclusive-furniture/images/style1/featured_small.png]
[mallicklab.stanford.edu/templates/jm-exclusive-furniture/images/style1/dj-tab-indicator-left.png]
[mallicklab.stanford.edu/templates/jm-exclusive-furniture/images/style1/dj-tab-indicator-right.png]
[mallicklab.stanford.edu/templates/jm-exclusive-furniture/css/style1.css]
[mallicklab.stanford.edu/templates/jm-exclusive-furniture/images/bg-hoverme.png]
[mallicklab.stanford.edu/templates/jm-exclusive-furniture/css/animated-buttons.css]
[mallicklab.stanford.edu/templates/jm-exclusive-furniture/css/custom.css]
[mallicklab.stanford.edu/templates/jm-exclusive-furniture/cache/custom_css_0fdc36c413c66f3ae80170d0f91c9a62.css]
[mallicklab.stanford.edu/components/com_djmediatools/layouts/tabber/images/video.png]
[mallicklab.stanford.edu/components/com_djmediatools/layouts/tabber/images/dj-tab-indicator-left.png]
[mallicklab.stanford.edu/components/com_djmediatools/layouts/tabber/images/dj-tab.png]
[mallicklab.stanford.edu/components/com_djmediatools/layouts/tabber/images/dj-tab-active.png]
[mallicklab.stanford.edu/components/com_djmediatools/layouts/tabber/images/ajax-loader.gif]
[mallicklab.stanford.edu/media/djmediatools/css/tabber_2ee7ca899ab06e6d90a731f0e70d9b72.css]
[mallicklab.stanford.edu/templates/jm-exclusive-furniture/images/djmenu-dropdown.png]
[mallicklab.stanford.edu/templates/jm-exclusive-furniture/css/djmenu.css]
[mallicklab.stanford.edu/templates/jm-exclusive-furniture/css/djmenu_fx.css]
[mallicklab.stanford.edu/templates/jm-exclusive-furniture/index.html]
[mallicklab.stanford.edu/components/com_djmediatools/layouts/galleryGrid/js/galleryGrid.js]
[mallicklab.stanford.edu/peeps87e8.html]
[mallicklab.stanford.edu/images/figs/parag_la_bridge.jpg]
[mallicklab.stanford.edu/component/mailto/indexef00.html]
[mallicklab.stanford.edu/indexa699.html]
[mallicklab.stanford.edu/images/figs/2014_adusumilli_ravali.jpg]
[mallicklab.stanford.edu/images/figs/2016_Anderson_Jamie_web.jpg]
[mallicklab.stanford.edu/images/figs/2015_Atallah_Michelle_web.jpg]
[mallicklab.stanford.edu/images/figs/2016_Hunter_Boyce.jpg]
[mallicklab.stanford.edu/images/figs/MichelleLabPhoto.jpg]
[mallicklab.stanford.edu/images/figs/2016_Machiraju_Gautam.jpg]
[mallicklab.stanford.edu/images/figs/2012_Sharma_Seema.png]
[mallicklab.stanford.edu/images/2017_Sylman_Joanna_web.jpg]
[mallicklab.stanford.edu/components/com_djmediatools/assets/images/blank.gif]
[mallicklab.stanford.edu/media/djmediatools/cache/7-alumni/175x220-crop-90-abbani_mohamad.jpg]
[mallicklab.stanford.edu/media/djmediatools/cache/7-alumni/175x220-crop-90-amodei.jpg]
[mallicklab.stanford.edu/media/djmediatools/cache/7-alumni/175x220-crop-90-behrens_christopher.jpg]
[mallicklab.stanford.edu/media/djmediatools/cache/7-alumni/175x220-crop-90-burke_rob.jpg]
[mallicklab.stanford.edu/media/djmediatools/cache/7-alumni/175x220-crop-90-chandra_fiona.jpg]
[mallicklab.stanford.edu/media/djmediatools/cache/7-alumni/175x220-crop-90-egertson_jarrett.png]
[mallicklab.stanford.edu/media/djmediatools/cache/7-alumni/175x220-crop-90-flinders_colin.jpg]
[mallicklab.stanford.edu/media/djmediatools/cache/7-alumni/175x220-crop-90-grothe_rob.jpg]
[mallicklab.stanford.edu/media/djmediatools/cache/7-alumni/175x220-crop-90-hoff_kate.jpg]
[mallicklab.stanford.edu/media/djmediatools/cache/7-alumni/175x220-crop-90-janis_mike.jpg]
[mallicklab.stanford.edu/media/djmediatools/cache/7-alumni/175x220-crop-90-kani_kian.png]
[mallicklab.stanford.edu/media/djmediatools/cache/7-alumni/175x220-crop-90-kermitthefrog.gif]
[mallicklab.stanford.edu/media/djmediatools/cache/7-alumni/175x220-crop-90-kessner_darren.jpg]
[mallicklab.stanford.edu/media/djmediatools/cache/7-alumni/175x220-crop-90-luethy_roland.jpg]
[mallicklab.stanford.edu/media/djmediatools/cache/7-alumni/175x220-crop-90-moin_emily.jpg]
[mallicklab.stanford.edu/media/djmediatools/cache/7-alumni/175x220-crop-90-mumenthaler_shannon.jpg]
[mallicklab.stanford.edu/media/djmediatools/cache/7-alumni/175x220-crop-90-peeps_compressed.jpg]
[mallicklab.stanford.edu/media/djmediatools/cache/7-alumni/175x220-crop-90-vogelsang_maryann.jpg]
[mallicklab.stanford.edu/media/djmediatools/cache/7-alumni/175x220-crop-90-wood_damien.jpg]
[mallicklab.stanford.edu/media/djmediatools/cache/7-alumni/175x220-crop-90-yung_godwin.jpg]
[mallicklab.stanford.edu/media/djmediatools/cache/7-alumni/175x220-crop-90-jcarden.png]
[mallicklab.stanford.edu/peeps.html]
[mallicklab.stanford.edu/images/figs/IntegratedOmics.png]
[mallicklab.stanford.edu/research87e8.html]
[mallicklab.stanford.edu/images/figs/BiomarkerModeling.png]
[mallicklab.stanford.edu/component/mailto/index35cf.html]
[mallicklab.stanford.edu/images/figs/ProteomicsOverview.png]
[mallicklab.stanford.edu/research.html]
[mallicklab.stanford.edu/bio.html]
[mallicklab.stanford.edu/faq.html]
[mallicklab.stanford.edu/images/figs/circusProfessor_compressed.jpg]
[mallicklab.stanford.edu/faq87e8.html]
[mallicklab.stanford.edu/component/mailto/index2dca.html]
[mallicklab.stanford.edu/pubs.html]
[mallicklab.stanford.edu/pubs87e8.html]
[mallicklab.stanford.edu/component/mailto/index8c1d.html]
[mallicklab.stanford.edu/resources.html]
[mallicklab.stanford.edu/images/pwiz_purple.png]
[mallicklab.stanford.edu/resources87e8.html]
[mallicklab.stanford.edu/component/mailto/index0011.html]
[mallicklab.stanford.edu/funding.html]
[mallicklab.stanford.edu/index-2.html]
[mallicklab.stanford.edu/http_/giving.stanford.edu/goto/mallickgift.html]
[mallicklab.stanford.edu/templates/jm-exclusive-furniture/css/ie/PIE.html]
[mallicklab.stanford.edu/funding87e8.html]
[mallicklab.stanford.edu/components/com_djmediatools/layouts/galleryGrid/images/loading.gif]
[mallicklab.stanford.edu/components/com_djmediatools/layouts/galleryGrid/images/video.png]
[mallicklab.stanford.edu/media/djmediatools/css/galleryGrid_a8f97356fe48e35cd027da2cad466e8d.css]
[mallicklab.stanford.edu/peeps87e8.html]
[mallicklab.stanford.edu/component/mailto/index7b76.html]
[mallicklab.stanford.edu/media/system/js/keepalive43ef.js]
[mallicklab.stanford.edu/component/mailto/indexef00.html]
[mallicklab.stanford.edu/bio87e8.html]
[mallicklab.stanford.edu/indexa699.html]
[mallicklab.stanford.edu/images/_Mallick_Headshot_highRes.jpg]
[mallicklab.stanford.edu/research87e8.html]
[mallicklab.stanford.edu/component/mailto/index35cf.html]
[mallicklab.stanford.edu/bio.html]
[mallicklab.stanford.edu/faq87e8.html]
[mallicklab.stanford.edu/component/mailto/index2dca.html]
[mallicklab.stanford.edu/pubs87e8.html]
[mallicklab.stanford.edu/component/mailto/index8c1d.html]
[mallicklab.stanford.edu/resources87e8.html]
[mallicklab.stanford.edu/component/mailto/index0011.html]
[mallicklab.stanford.edu/funding87e8.html]
[mallicklab.stanford.edu/component/mailto/index7b76.html]
[mallicklab.stanford.edu/media/jui/img/glyphicons-halflings.png]
[mallicklab.stanford.edu/component/mailto/index801f.html]
[mallicklab.stanford.edu/media/jui/img/glyphicons-halflings-white.png]
[mallicklab.stanford.edu/media/jui/css/bootstrap.min43ef.css]
[mallicklab.stanford.edu/media/jui/css/bootstrap-responsive.min43ef.css]
[mallicklab.stanford.edu/media/jui/css/bootstrap-extended43ef.css]
[mallicklab.stanford.edu/templates/system/images/j_button2_left.png]
[mallicklab.stanford.edu/component/mailto/indexc3f4.html]
[mallicklab.stanford.edu/templates/system/images/j_button2_right.png]
[mallicklab.stanford.edu/templates/system/images/j_button2_image.png]
[mallicklab.stanford.edu/templates/system/images/j_button2_readmore.png]
[mallicklab.stanford.edu/templates/system/images/j_button2_pagebreak.png]
[mallicklab.stanford.edu/templates/system/images/j_button2_blank.png]
[mallicklab.stanford.edu/templates/system/images/selector-arrow.png]
[mallicklab.stanford.edu/templates/system/images/calendar.png]
[mallicklab.stanford.edu/templates/system/css/general.css]
[mallicklab.stanford.edu/templates/jm-exclusive-furniture/css/print.css]
[mallicklab.stanford.edu/bio87e8.html]
[mallicklab.stanford.edu/component/mailto/index801f.html]
[mallicklab.stanford.edu/component/mailto/indexc3f4.html]
